42.236.17.233 - - [07/Jan/2025:15:56:39 +0100] "GET /wp-content/plugins/elementor/assets/css/conditionals/lightbox.min.css?ver=3.24.4 HTTP/2" 200 1782 "https://mixmarketingmedia.com/" "Mozilla/5.0 (Windows NT 6.1; WOW64) AppleWebKit/537.36 (KHTML, like Gecko) Chrome/50.0.2661.102 Safari/537.36; 360Spider"
42.236.17.233 - - [07/Jan/2025:15:56:40 +0100] "GET /wp-content/plugins/elementor/assets/js/text-editor.2c35aafbe5bf0e127950.bundle.min.js HTTP/2" 200 601 "https://mixmarketingmedia.com/" "Mozilla/5.0 (Windows NT 6.1; WOW64) AppleWebKit/537.36 (KHTML, like Gecko) Chrome/50.0.2661.102 Safari/537.36; 360Spider"
42.236.17.233 - - [07/Jan/2025:15:56:40 +0100] "GET /wp-content/plugins/elementor/assets/js/image-carousel.4455c6362492d9067512.bundle.min.js HTTP/2" 200 248 "https://mixmarketingmedia.com/" "Mozilla/5.0 (Windows NT 6.1; WOW64) AppleWebKit/537.36 (KHTML, like Gecko) Chrome/50.0.2661.102 Safari/537.36; 360Spider"
42.236.17.233 - - [07/Jan/2025:15:56:41 +0100] "GET /wp-content/plugins/elementor/assets/lib/swiper/v8/swiper.min.js?ver=8.4.5 HTTP/2" 200 38152 "https://mixmarketingmedia.com/" "Mozilla/5.0 (Windows NT 6.1; WOW64) AppleWebKit/537.36 (KHTML, like Gecko) Chrome/50.0.2661.102 Safari/537.36; 360Spider"
185.233.3.42 - - [07/Jan/2025:16:09:33 +0100] "GET /wp-content/plugins/wpextended/readme.txt HTTP/1.1" 404 8657 "-" "Mozilla/4.0 (compatible; MSIE 6.0; Windows NT 5.1; SV1)"
107.189.6.107 - - [07/Jan/2025:16:26:37 +0100] "GET /wp-login.php HTTP/1.1" 200 6640 "-" "Mozilla/5.0 (Windows NT 5.1; rv:31.0) Gecko/20100101 Firefox/31.0"
107.189.6.107 - - [07/Jan/2025:16:26:41 +0100] "POST /wp-login.php HTTP/1.1" 200 7129 "-" "Mozilla/5.0 (Windows NT 5.1; rv:31.0) Gecko/20100101 Firefox/31.0"
65.108.232.153 - - [07/Jan/2025:19:04:27 +0100] "POST /wp-cron.php?doing_wp_cron=1736273067.2051661014556884765625 HTTP/1.1" 200 0 "-" "WordPress/6.7.1; https://mixmarketingmedia.com"
66.249.66.208 - - [07/Jan/2025:19:04:27 +0100] "GET / HTTP/1.1" 200 15375 "-" "Mozilla/5.0 (Linux; Android 6.0.1; Nexus 5X Build/MMB29P) AppleWebKit/537.36 (KHTML, like Gecko) Chrome/131.0.6778.204 Mobile Safari/537.36 (compatible; Googlebot/2.1; +http://www.google.com/bot.html)"
66.249.66.193 - - [07/Jan/2025:19:04:10 +0100] "GET /home/ HTTP/1.1" 301 0 "-" "Mozilla/5.0 (Linux; Android 6.0.1; Nexus 5X Build/MMB29P) AppleWebKit/537.36 (KHTML, like Gecko) Chrome/131.0.6778.204 Mobile Safari/537.36 (compatible; Googlebot/2.1; +http://www.google.com/bot.html)"
107.189.3.252 - - [07/Jan/2025:19:38:00 +0100] "POST /wp-login.php HTTP/1.1" 200 2271 "-" "GRequests/0.10"
170.106.181.163 - - [07/Jan/2025:19:38:06 +0100] "GET / HTTP/1.1" 200 17342 "http://www.mixmarketingmedia.com" "Mozilla/5.0 (iPhone; CPU iPhone OS 13_2_3 like Mac OS X) AppleWebKit/605.1.15 (KHTML, like Gecko) Version/13.0.3 Mobile/15E148 Safari/604.1"
65.108.232.153 - - [07/Jan/2025:19:37:59 +0100] "POST /wp-cron.php?doing_wp_cron=1736275079.6208910942077636718750 HTTP/1.1" 200 0 "-" "WordPress/6.7.1; https://mixmarketingmedia.com"
107.189.3.252 - - [07/Jan/2025:19:37:59 +0100] "GET /wp-login.php HTTP/1.1" 200 2125 "-" "GRequests/0.10"
23.235.221.165 - - [07/Jan/2025:19:52:50 +0100] "GET /wp-login.php HTTP/1.1" 200 2125 "-" "GRequests/0.10"
23.235.221.165 - - [07/Jan/2025:19:52:51 +0100] "POST /wp-login.php HTTP/1.1" 200 2271 "-" "GRequests/0.10"
209.141.36.100 - - [07/Jan/2025:20:11:38 +0100] "GET /wp-login.php HTTP/1.1" 200 6640 "-" "Mozilla/5.0 (Windows NT 6.2; WOW64; rv:31.0) Gecko/20100101 Firefox/31.0"
209.141.36.100 - - [07/Jan/2025:20:11:41 +0100] "POST /wp-login.php HTTP/1.1" 200 7147 "-" "Mozilla/5.0 (Windows NT 6.2; WOW64; rv:31.0) Gecko/20100101 Firefox/31.0"
205.185.114.63 - - [07/Jan/2025:21:39:32 +0100] "GET /wp-login.php HTTP/1.1" 200 6640 "-" "Mozilla/5.0 (Macintosh; Intel Mac OS X 10_6_8) AppleWebKit/537.36 (KHTML, like Gecko) Chrome/36.0.1985.125 Safari/537.36"
205.185.114.63 - - [07/Jan/2025:21:39:33 +0100] "POST /wp-login.php HTTP/1.1" 200 7129 "-" "Mozilla/5.0 (Macintosh; Intel Mac OS X 10_6_8) AppleWebKit/537.36 (KHTML, like Gecko) Chrome/36.0.1985.125 Safari/537.36"
65.108.232.153 - - [07/Jan/2025:21:35:04 +0100] "POST /wp-cron.php?doing_wp_cron=1736282104.4570600986480712890625 HTTP/1.1" 200 0 "-" "WordPress/6.7.1; https://mixmarketingmedia.com"
107.189.6.107 - - [07/Jan/2025:21:35:04 +0100] "GET /wp-login.php HTTP/1.1" 200 6640 "-" "Mozilla/5.0 (Macintosh; Intel Mac OS X 10_9_3) AppleWebKit/537.76.4 (KHTML, like Gecko) Version/7.0.4 Safari/537.76.4"
107.189.6.107 - - [07/Jan/2025:21:35:04 +0100] "POST /wp-login.php HTTP/1.1" 200 7129 "-" "Mozilla/5.0 (Macintosh; Intel Mac OS X 10_9_3) AppleWebKit/537.76.4 (KHTML, like Gecko) Version/7.0.4 Safari/537.76.4"
205.185.114.63 - - [07/Jan/2025:21:44:11 +0100] "GET /wp-login.php HTTP/1.1" 200 6640 "-" "Mozilla/5.0 (X11; Ubuntu; Linux x86_64; rv:30.0) Gecko/20100101 Firefox/30.0"
205.185.114.63 - - [07/Jan/2025:21:44:11 +0100] "POST /wp-login.php HTTP/1.1" 200 7129 "-" "Mozilla/5.0 (X11; Ubuntu; Linux x86_64; rv:30.0) Gecko/20100101 Firefox/30.0"
3.222.59.57 - - [07/Jan/2025:21:55:43 +0100] "POST /wp-login.php HTTP/1.1" 200 2271 "-" "GRequests/0.10"
3.222.59.57 - - [07/Jan/2025:21:55:42 +0100] "GET /wp-login.php HTTP/1.1" 200 2125 "-" "GRequests/0.10"
87.236.176.197 - - [07/Jan/2025:22:29:11 +0100] "GET / HTTP/1.1" 401 53 "-" "Mozilla/5.0 (compatible; InternetMeasurement/1.0; +https://internet-measurement.com/)"
20.186.13.42 - - [07/Jan/2025:22:48:05 +0100] "GET /wp-admin/user/index.php HTTP/1.1" 302 0 "-" "-"
20.186.13.42 - - [07/Jan/2025:22:48:05 +0100] "GET /wp-login.php?redirect_to=https%3A%2F%2Fmixmarketingmedia.com%2Fwp-admin%2Fuser%2Findex.php&reauth=1 HTTP/1.1" 200 6654 "-" "-"
20.186.13.42 - - [07/Jan/2025:22:48:07 +0100] "GET /wp-admin/tools.php HTTP/1.1" 302 0 "-" "-"
20.186.13.42 - - [07/Jan/2025:22:48:08 +0100] "GET /wp-login.php?redirect_to=https%3A%2F%2Fmixmarketingmedia.com%2Fwp-admin%2Ftools.php&reauth=1 HTTP/1.1" 200 6649 "-" "-"
20.186.13.42 - - [07/Jan/2025:22:47:15 +0100] "GET /wp-admin/network/admin.php HTTP/1.1" 302 0 "-" "-"
20.186.13.42 - - [07/Jan/2025:22:47:16 +0100] "GET /wp-login.php?redirect_to=https%3A%2F%2Fmixmarketingmedia.com%2Fwp-admin%2Fnetwork%2Fadmin.php&reauth=1 HTTP/1.1" 200 6657 "-" "-"
20.186.13.42 - - [07/Jan/2025:22:49:40 +0100] "GET /wp-login.php HTTP/1.1" 200 6640 "-" "-"
20.186.13.42 - - [07/Jan/2025:22:49:02 +0100] "GET /wp-admin/update.php HTTP/1.1" 302 0 "-" "-"
20.186.13.42 - - [07/Jan/2025:22:49:02 +0100] "GET /wp-login.php?redirect_to=https%3A%2F%2Fmixmarketingmedia.com%2Fwp-admin%2Fupdate.php&reauth=1 HTTP/1.1" 200 6650 "-" "-"
20.186.13.42 - - [07/Jan/2025:22:45:45 +0100] "GET /wp-admin/network/about.php HTTP/1.1" 302 0 "-" "-"
20.186.13.42 - - [07/Jan/2025:22:45:46 +0100] "GET /wp-login.php?redirect_to=https%3A%2F%2Fmixmarketingmedia.com%2Fwp-admin%2Fnetwork%2Fabout.php&reauth=1 HTTP/1.1" 200 6657 "-" "-"
20.186.13.42 - - [07/Jan/2025:22:48:31 +0100] "GET /wp-admin/network/index.php HTTP/1.1" 302 0 "-" "-"
20.186.13.42 - - [07/Jan/2025:22:48:31 +0100] "GET /wp-login.php?redirect_to=https%3A%2F%2Fmixmarketingmedia.com%2Fwp-admin%2Fnetwork%2Findex.php&reauth=1 HTTP/1.1" 200 6657 "-" "-"
20.186.13.42 - - [07/Jan/2025:22:47:43 +0100] "GET /wp-admin/media.php HTTP/1.1" 302 0 "-" "-"
20.186.13.42 - - [07/Jan/2025:22:47:43 +0100] "GET /wp-login.php?redirect_to=https%3A%2F%2Fmixmarketingmedia.com%2Fwp-admin%2Fmedia.php&reauth=1 HTTP/1.1" 200 6649 "-" "-"
20.186.13.42 - - [07/Jan/2025:22:49:13 +0100] "GET /wp-admin/user/admin.php HTTP/1.1" 302 0 "-" "-"
20.186.13.42 - - [07/Jan/2025:22:49:13 +0100] "GET /wp-login.php?redirect_to=https%3A%2F%2Fmixmarketingmedia.com%2Fwp-admin%2Fuser%2Fadmin.php&reauth=1 HTTP/1.1" 200 6654 "-" "-"
20.186.13.42 - - [07/Jan/2025:22:49:53 +0100] "GET /wp-admin/index.php HTTP/1.1" 302 0 "-" "-"
20.186.13.42 - - [07/Jan/2025:22:49:54 +0100] "GET /wp-login.php?redirect_to=https%3A%2F%2Fmixmarketingmedia.com%2Fwp-admin%2Findex.php&reauth=1 HTTP/1.1" 200 6649 "-" "-"
65.108.232.153 - - [07/Jan/2025:23:40:13 +0100] "POST /wp-cron.php?doing_wp_cron=1736289613.1437840461730957031250 HTTP/1.1" 200 0 "-" "WordPress/6.7.1; https://mixmarketingmedia.com"
162.240.157.79 - - [07/Jan/2025:23:40:12 +0100] "GET /wp-login.php HTTP/1.1" 200 2125 "-" "GRequests/0.10"
162.240.157.79 - - [07/Jan/2025:23:40:13 +0100] "POST /wp-login.php HTTP/1.1" 200 2271 "-" "GRequests/0.10"
107.189.6.107 - - [07/Jan/2025:23:55:00 +0100] "GET /wp-login.php HTTP/1.1" 200 6640 "-" "Mozilla/5.0 (Macintosh; Intel Mac OS X 10_9_0) AppleWebKit/537.36 (KHTML, like Gecko) Chrome/36.0.1985.125 Safari/537.36"
107.189.6.107 - - [07/Jan/2025:23:55:06 +0100] "POST /wp-login.php HTTP/1.1" 200 7129 "-" "Mozilla/5.0 (Macintosh; Intel Mac OS X 10_9_0) AppleWebKit/537.36 (KHTML, like Gecko) Chrome/36.0.1985.125 Safari/537.36"
13.74.164.233 - - [08/Jan/2025:01:16:24 +0100] "GET /wp-admin/network/ HTTP/1.1" 302 0 "-" "-"
13.74.164.233 - - [08/Jan/2025:01:16:24 +0100] "GET /wp-login.php?redirect_to=https%3A%2F%2Fmixmarketingmedia.com%2Fwp-admin%2Fnetwork%2F&reauth=1 HTTP/1.1" 200 6648 "-" "-"
13.74.164.233 - - [08/Jan/2025:01:16:25 +0100] "GET /wp-admin/user/ HTTP/1.1" 302 0 "-" "-"
13.74.164.233 - - [08/Jan/2025:01:16:26 +0100] "GET /wp-login.php?redirect_to=https%3A%2F%2Fmixmarketingmedia.com%2Fwp-admin%2Fuser%2F&reauth=1 HTTP/1.1" 200 6645 "-" "-"
13.74.164.233 - - [08/Jan/2025:01:16:27 +0100] "GET /wp-admin/ HTTP/1.1" 302 0 "-" "-"
13.74.164.233 - - [08/Jan/2025:01:16:27 +0100] "GET /wp-login.php?redirect_to=https%3A%2F%2Fmixmarketingmedia.com%2Fwp-admin%2F&reauth=1 HTTP/1.1" 200 6640 "-" "-"
13.74.164.233 - - [08/Jan/2025:01:15:58 +0100] "GET /wp-admin/ HTTP/1.1" 302 0 "-" "-"
13.74.164.233 - - [08/Jan/2025:01:15:58 +0100] "GET /wp-login.php?redirect_to=https%3A%2F%2Fmixmarketingmedia.com%2Fwp-admin%2F&reauth=1 HTTP/1.1" 200 6640 "-" "-"
77.238.225.41 - - [08/Jan/2025:01:36:24 +0100] "GET /comments/feed/ HTTP/1.1" 200 785 "-" "Mozilla/5.0 (Windows NT 10.0; Win64; x64) AppleWebKit/537.36 (KHTML, like Gecko) Chrome/120.0.0.0 Safari/537.36"
65.108.232.153 - - [08/Jan/2025:01:36:23 +0100] "POST /wp-cron.php?doing_wp_cron=1736296583.6126139163970947265625 HTTP/1.1" 200 0 "-" "WordPress/6.7.1; https://mixmarketingmedia.com"
77.238.225.41 - - [08/Jan/2025:01:36:23 +0100] "GET / HTTP/1.1" 200 17345 "-" "Mozilla/5.0 (Windows NT 10.0; Win64; x64) AppleWebKit/537.36 (KHTML, like Gecko) Chrome/120.0.0.0 Safari/537.36"
77.238.225.41 - - [08/Jan/2025:01:36:25 +0100] "GET /2024/09/11/hello-world/ HTTP/1.1" 200 12593 "-" "Mozilla/5.0 (Windows NT 10.0; Win64; x64) AppleWebKit/537.36 (KHTML, like Gecko) Chrome/120.0.0.0 Safari/537.36"
45.61.187.44 - - [08/Jan/2025:01:40:32 +0100] "GET /wp-login.php HTTP/1.1" 200 6640 "-" "Mozilla/5.0 (Windows NT 6.1; WOW64; rv:29.0) Gecko/20100101 Firefox/29.0"
45.61.187.44 - - [08/Jan/2025:01:40:32 +0100] "POST /wp-login.php HTTP/1.1" 200 7147 "-" "Mozilla/5.0 (Windows NT 6.1; WOW64; rv:29.0) Gecko/20100101 Firefox/29.0"
77.238.225.41 - - [08/Jan/2025:01:36:32 +0100] "GET /contact-us/ HTTP/1.1" 200 13741 "-" "Mozilla/5.0 (Windows NT 10.0; Win64; x64) AppleWebKit/537.36 (KHTML, like Gecko) Chrome/120.0.0.0 Safari/537.36"
77.238.225.41 - - [08/Jan/2025:01:36:24 +0100] "GET /blog/ HTTP/1.1" 200 10839 "-" "Mozilla/5.0 (Windows NT 10.0; Win64; x64) AppleWebKit/537.36 (KHTML, like Gecko) Chrome/120.0.0.0 Safari/537.36"
65.108.232.153 - - [08/Jan/2025:02:52:10 +0100] "POST /wp-cron.php?doing_wp_cron=1736301130.0752110481262207031250 HTTP/1.1" 200 0 "-" "WordPress/6.7.1; https://mixmarketingmedia.com"
198.98.53.192 - - [08/Jan/2025:02:52:09 +0100] "GET /wp-login.php HTTP/1.1" 200 6640 "-" "Mozilla/5.0 (Macintosh; Intel Mac OS X 10_10) AppleWebKit/600.1.3 (KHTML, like Gecko) Version/8.0 Safari/600.1.3"
198.98.53.192 - - [08/Jan/2025:02:52:10 +0100] "POST /wp-login.php HTTP/1.1" 200 7129 "-" "Mozilla/5.0 (Macintosh; Intel Mac OS X 10_10) AppleWebKit/600.1.3 (KHTML, like Gecko) Version/8.0 Safari/600.1.3"
43.130.12.43 - - [08/Jan/2025:03:46:41 +0100] "GET / HTTP/1.1" 200 17342 "http://mixmarketingmedia.com" "Mozilla/5.0 (iPhone; CPU iPhone OS 13_2_3 like Mac OS X) AppleWebKit/605.1.15 (KHTML, like Gecko) Version/13.0.3 Mobile/15E148 Safari/604.1"
185.233.3.42 - - [08/Jan/2025:03:52:28 +0100] "GET /wp-content/plugins/wp-file-upload/css/wordpress_file_upload_style.css HTTP/1.1" 404 8657 "-" "Mozilla/4.0 (compatible; MSIE 6.0; Windows NT 5.1; SV1)"
64.227.101.253 - - [08/Jan/2025:04:11:26 +0100] "GET /wp-login.php HTTP/1.1" 200 2125 "-" "GRequests/0.10"
64.227.101.253 - - [08/Jan/2025:04:11:27 +0100] "POST /wp-login.php HTTP/1.1" 200 2271 "-" "GRequests/0.10"
13.74.40.218 - - [08/Jan/2025:04:30:11 +0100] "GET / HTTP/1.1" 200 86736 "-" "-"
107.189.2.203 - - [08/Jan/2025:05:15:47 +0100] "GET /wp-login.php HTTP/1.1" 200 2125 "-" "GRequests/0.10"
107.189.2.203 - - [08/Jan/2025:05:15:47 +0100] "POST /wp-login.php HTTP/1.1" 200 2271 "-" "GRequests/0.10"
182.42.111.156 - - [08/Jan/2025:05:55:56 +0100] "GET / HTTP/1.1" 200 17342 "http://www.mixmarketingmedia.com" "Mozilla/5.0 (iPhone; CPU iPhone OS 13_2_3 like Mac OS X) AppleWebKit/605.1.15 (KHTML, like Gecko) Version/13.0.3 Mobile/15E148 Safari/604.1"
